Microchip MPLAB XC8 Compiler V1.45 ()

Linker command line:

-W-3 --edf=C:\Program Files (x86)\Microchip\xc8\v1.45\dat\en_msgs.txt -cs \
  -h+dist/default/debug\WD1SolderStation.X.debug.sym \
  --cmf=dist/default/debug\WD1SolderStation.X.debug.cmf -z -Q18F4620 \
  -oC:\Users\Tobias\AppData\Local\Temp\s7ho.2 \
  -Mdist/default/debug/WD1SolderStation.X.debug.map -E1 -ver=XC8 \
  --acfsm=1493 -ASTACK=0173h-0eeeh -pstack=STACK -ACODE=00h-0FCFFh \
  -ACONST=00h-0FCFFh -ASMALLCONST=01000h-010FFhx237 \
  -AMEDIUMCONST=01000h-0FCFFh -ACOMRAM=01h-07Fh \
  -AABS1=00h-0EEEh,0F00h-0F7Fh -ABIGRAM=01h-0EEEh,0F00h-0F7Fh \
  -ARAM=080h-0FFh,0100h-01FFhx13,0E00h-0EEEh,0F00h-0F7Fh -ABANK0=080h-0FFh \
  -ABANK1=0100h-01FFh -ABANK2=0200h-02FFh -ABANK3=0300h-03FFh \
  -ABANK4=0400h-04FFh -ABANK5=0500h-05FFh -ABANK6=0600h-06FFh \
  -ABANK7=0700h-07FFh -ABANK8=0800h-08FFh -ABANK9=0900h-09FFh \
  -ABANK10=0A00h-0AFFh -ABANK11=0B00h-0BFFh -ABANK12=0C00h-0CFFh \
  -ABANK13=0D00h-0DFFh -ABANK14=0E00h-0EEEh -ABANK15=0F00h-0F7Fh \
  -ASFR=0F80h-0F9Bh,0F9Dh-0FD3h,0FD5h-0FDAh,0FE0h-0FE2h,0FE8h-0FEAh,0FF0h-0FFBh \
  -preset_vec=00h,intcode=08h,intcodelo,powerup,init -pramtop=01000h \
  -psmallconst=SMALLCONST -pmediumconst=MEDIUMCONST -pconst=CONST \
  -AFARRAM=00h-00h -ACONFIG=0300000h-030000Dh -pconfig=CONFIG \
  -AIDLOC=0200000h-0200007h -pidloc=IDLOC -AEEDATA=0F00000h-0F003FFh \
  -peeprom_data=EEDATA \
  -prdata=COMRAM,nvrram=COMRAM,nvbit=COMRAM,rbss=COMRAM,rbit=COMRAM \
  -pfarbss=FARRAM,fardata=FARRAM,nvFARRAM=FARRAM \
  -pintsave_regs=BIGRAM,bigbss=BIGRAM,bigdata=BIGRAM -pbss=RAM \
  -pidata=CODE,irdata=CODE,ibigdata=CODE,ifardata=CODE -pparam0=BANK0 \
  dist/default/debug\startup.obj \
  dist/default/debug\WD1SolderStation.X.debug.obj 

Object code version is 3.11

Machine type is 18F4620

Call graph: (short form)




                Name                               Link     Load   Length Selector   Space Scale
dist/default/debug\startup.obj
                init                                  E        E        4        4       0
                reset_vec                             0        0        6        0       0
                config                           300000   300000        E   300000       0
dist/default/debug\WD1SolderStation.X.debug.obj
                intcode                               8        8        6        4       0
                temp                                 28       28        1        1       1
                smallconst                         1000     1000       14      800       0
                text53                             2C64     2C64        8      80A       0
                text52                             2C28     2C28       10      80A       0
                text51                             2C5C     2C5C        8      80A       0
                intcode_body                       23BE     23BE       B0      80A       0
                text49                             2BA4     2BA4       1E      80A       0
                text48                             22F2     22F2       CC      80A       0
                text47                             27C2     27C2       56      80A       0
                text46                             2226     2226       CC      80A       0
                text45                             259A     259A       82      80A       0
                text44                             1674     1674      21C      80A       0
                text43                             13EC     13EC      288      80A       0
                text42                             299E     299E       40      80A       0
                text41                             2B86     2B86       1E      80A       0
                text40                             2B06     2B06       22      80A       0
                text39                             2C16     2C16       12      80A       0
                text38                             2516     2516       84      80A       0
                text37                             2C7E     2C7E        4      80A       0
                text36                             28BE     28BE       52      80A       0
                text35                             1A86     1A86      192      80A       0
                text34                             2150     2150       D6      80A       0
                text33                             2910     2910       4C      80A       0
                text32                             2C78     2C78        6      80A       0
                text31                             2C72     2C72        6      80A       0
                text30                             1C18     1C18      162      80A       0
                text29                             2C54     2C54        8      80A       0
                text28                             2696     2696       6C      80A       0
                text27                             2C04     2C04       12      80A       0
                text26                             2C6C     2C6C        6      80A       0
                text25                             2BF0     2BF0       14      80A       0
                text24                             2C4C     2C4C        8      80A       0
                text23                             2B48     2B48       20      80A       0
                text22                             2A88     2A88       32      80A       0
                text21                             2A1C     2A1C       3A      80A       0
                text20                             1EC6     1EC6      14C      80A       0
                text19                             286C     286C       52      80A       0
                text18                             295C     295C       42      80A       0
                text17                             246E     246E       A8      80A       0
                text16                             1890     1890      1F6      80A       0
                text15                             2BDA     2BDA       16      80A       0
                text14                             2818     2818       54      80A       0
                text13                             1D7A     1D7A      14C      80A       0
                text12                             2C42     2C42        A      80A       0
                text11                             276C     276C       56      80A       0
                text10                             2012     2012      13E      80A       0
                text9                              29DE     29DE       3E      80A       0
                text8                              2B68     2B68       1E      80A       0
                text7                              2BC2     2BC2       18      80A       0
                text6                              2ABA     2ABA       2A      80A       0
                text5                              2A56     2A56       32      80A       0
                text4                              2B28     2B28       20      80A       0
                text3                              2C38     2C38        A      80A       0
                text2                              261C     261C       7A      80A       0
                text1                              1014     1014      3D8      80A       0
                text0                              2702     2702       6A      80A       0
                cstackCOMRAM                          1        1       27        1       1
                cstackBANK0                          D1       D1       1D       80       1
                cstackBANK1                         15F      15F       14      100       1
                bssBANK1                            100      100       5F      100       1
                bssBANK0                             80       80       51       80       1
                cinit                              2AE4     2AE4       22      80A       0

TOTAL           Name                               Link     Load   Length     Space
        CLASS   STACK          

        CLASS   CODE           
                intcode                               8        8        6         0
                init                                  E        E        4         0
                reset_vec                             0        0        6         0
                text53                             2C64     2C64        8         0
                text52                             2C28     2C28       10         0
                text51                             2C5C     2C5C        8         0
                intcode_body                       23BE     23BE       B0         0
                text49                             2BA4     2BA4       1E         0
                text48                             22F2     22F2       CC         0
                text47                             27C2     27C2       56         0
                text46                             2226     2226       CC         0
                text45                             259A     259A       82         0
                text44                             1674     1674      21C         0
                text43                             13EC     13EC      288         0
                text42                             299E     299E       40         0
                text41                             2B86     2B86       1E         0
                text40                             2B06     2B06       22         0
                text39                             2C16     2C16       12         0
                text38                             2516     2516       84         0
                text37                             2C7E     2C7E        4         0
                text36                             28BE     28BE       52         0
                text35                             1A86     1A86      192         0
                text34                             2150     2150       D6         0
                text33                             2910     2910       4C         0
                text32                             2C78     2C78        6         0
                text31                             2C72     2C72        6         0
                text30                             1C18     1C18      162         0
                text29                             2C54     2C54        8         0
                text28                             2696     2696       6C         0
                text27                             2C04     2C04       12         0
                text26                             2C6C     2C6C        6         0
                text25                             2BF0     2BF0       14         0
                text24                             2C4C     2C4C        8         0
                text23                             2B48     2B48       20         0
                text22                             2A88     2A88       32         0
                text21                             2A1C     2A1C       3A         0
                text20                             1EC6     1EC6      14C         0
                text19                             286C     286C       52         0
                text18                             295C     295C       42         0
                text17                             246E     246E       A8         0
                text16                             1890     1890      1F6         0
                text15                             2BDA     2BDA       16         0
                text14                             2818     2818       54         0
                text13                             1D7A     1D7A      14C         0
                text12                             2C42     2C42        A         0
                text11                             276C     276C       56         0
                text10                             2012     2012      13E         0
                text9                              29DE     29DE       3E         0
                text8                              2B68     2B68       1E         0
                text7                              2BC2     2BC2       18         0
                text6                              2ABA     2ABA       2A         0
                text5                              2A56     2A56       32         0
                text4                              2B28     2B28       20         0
                text3                              2C38     2C38        A         0
                text2                              261C     261C       7A         0
                text1                              1014     1014      3D8         0
                text0                              2702     2702       6A         0
                cinit                              2AE4     2AE4       22         0

        CLASS   CONST          

        CLASS   SMALLCONST     
                smallconst                         1000     1000       14         0

        CLASS   MEDIUMCONST    

        CLASS   COMRAM         
                temp                                 28       28        1         1
                cstackCOMRAM                          1        1       27         1

        CLASS   ABS1           

        CLASS   BIGRAM         

        CLASS   RAM            

        CLASS   BANK0          
                cstackBANK0                          D1       D1       1D         1
                bssBANK0                             80       80       51         1

        CLASS   BANK1          
                cstackBANK1                         15F      15F       14         1
                bssBANK1                            100      100       5F         1

        CLASS   BANK2          

        CLASS   BANK3          

        CLASS   BANK4          

        CLASS   BANK5          

        CLASS   BANK6          

        CLASS   BANK7          

        CLASS   BANK8          

        CLASS   BANK9          

        CLASS   BANK10         

        CLASS   BANK11         

        CLASS   BANK12         

        CLASS   BANK13         

        CLASS   BANK14         

        CLASS   BANK15         

        CLASS   SFR            

        CLASS   FARRAM         

        CLASS   CONFIG         
                config                           300000   300000        E         0

        CLASS   IDLOC          

        CLASS   EEDATA         



SEGMENTS        Name                           Load    Length   Top    Selector   Space  Class

                reset_vec                      000000  000006  000006         0       0  CODE    
                cstackCOMRAM                   000001  000028  000029         1       1  COMRAM  
                intcode                        000008  00000A  000012         4       0  CODE    
                bssBANK0                       000080  00006E  0000EE        80       1  BANK0   
                bssBANK1                       000100  000073  000173       100       1  BANK1   
                smallconst                     001000  000014  001014       800       0  SMALLCON
                text1                          001014  001C6E  002C82       80A       0  CODE    
                config                         300000  00000E  30000E    300000       0  CONFIG  


UNUSED ADDRESS RANGES

        Name                Unused          Largest block    Delta
        BANK0            0000EE-0000FF               12
        BANK1            000173-0001FF               8D
        BANK10           000A00-000AFF              100
        BANK11           000B00-000BFF              100
        BANK12           000C00-000CFF              100
        BANK13           000D00-000DFF              100
        BANK14           000E00-000EEE               EF
        BANK15           000F00-000F7F               80
        BANK2            000200-0002FF              100
        BANK3            000300-0003FF              100
        BANK4            000400-0004FF              100
        BANK5            000500-0005FF              100
        BANK6            000600-0006FF              100
        BANK7            000700-0007FF              100
        BANK8            000800-0008FF              100
        BANK9            000900-0009FF              100
        BIGRAM           000029-00007F               57
                         0000EE-0000FF               12
                         000173-000EEE              D7C
                         000F00-000F7F               80
        CODE             000006-000007                2
                         000012-000FFF              FEE
                         002C82-00FCFF             D07E
        COMRAM           000029-00007F               57
        CONST            000006-000007                2
                         000012-000FFF              FEE
                         002C82-00FCFF             D07E
        EEDATA           F00000-F003FF              400
        IDLOC            200000-200007                8
        MEDIUMCONST      002C82-00FCFF             D07E
        RAM              0000EE-0000FF               12
                         000173-000EEE              100
                         000F00-000F7F               80
        SFR              000F80-000F9B               1C
                         000F9D-000FD3               37
                         000FD5-000FDA                6
                         000FE0-000FE2                3
                         000FE8-000FEA                3
                         000FF0-000FFB                C
        SMALLCONST       002C82-00FCFF              100
        STACK            000173-000EEE              D7C

                                  Symbol Table

?_ADC_GetTemperature                               cstackBANK0  0000E3
?_ADC_GetVoltageFiltered                           cstackBANK0  0000E3
?_ADC_GetVoltageMV                                 cstackBANK0  0000E3
?_NVM_Read                                         cstackBANK0  0000E3
?_TIMER_GetSysTick                                 cstackBANK0  0000E3
?_USER_TemperatureFilter                           cstackBANK0  0000E5
?___aldiv                                          cstackCOMRAM 00000D
?___lldiv                                          cstackCOMRAM 00001B
?___lmul                                           cstackCOMRAM 000001
?___lwdiv                                          cstackCOMRAM 000001
?___lwmod                                          cstackCOMRAM 000008
?_main                                             cstackBANK1  00016D
ADC_GetVoltageFiltered@s32_FilterTemporary         cstackBANK0  0000E7
ADC_GetVoltageFiltered@u16_Input                   cstackBANK0  0000E3
ADC_GetVoltageFiltered@u16_OutputBefore            bssBANK0     0000AF
ADC_Task@si32_AdcTemporary                         cstackBANK1  000169
ADC_Task@u16_AdcResult                             cstackBANK1  000167
BUTTONS_GetState@t_Buttons                         cstackBANK0  0000E3
BUTTONS_Task@u16_ButtonsDebounceCounter            bssBANK1     000130
BUTTONS_Task@u16_ButtonsHoldCounter                bssBANK1     000120
BUTTONS_Task@u8_ButtonsStatusPressed               bssBANK0     0000CA
BUTTONS_Task@u8_ButtonsTemporaryInput              cstackBANK0  0000E3
CONTROL_Task@s16_Error                             bssBANK0     0000A9
CONTROL_Task@s16_prevError                         bssBANK0     0000A7
I2C_SendData@u8_Data                               cstackBANK0  0000E4
I2C_Start@u16_Timeout                              cstackBANK0  0000EA
I2C_Start@u8_Address                               cstackBANK0  0000E9
LCD_Bcd2Segment@u8_Data                            cstackBANK0  0000E4
LCD_Bcd2Segment@u8_DigitType                       cstackBANK0  0000E3
LCD_Clear@u8_Temp                                  cstackBANK0  0000E7
LCD_Dec2Bcd@ptrBCD                                 cstackBANK0  0000E5
LCD_Dec2Bcd@u16_DecimalData                        cstackBANK0  0000E3
LCD_GetData@u8_Position                            cstackBANK0  0000E5
LCD_Init@u8_Temp                                   cstackBANK0  0000ED
LCD_SetData@u8_Data                                cstackBANK0  0000E6
LCD_SetData@u8_Position                            cstackBANK0  0000E3
LCD_SetIcons@u8_Icon                               cstackBANK0  0000E7
LCD_SetIcons@u8_Temp                               cstackBANK0  0000E8
LCD_SetMainDigits@bFlag_Number                     cstackBANK0  0000E9
LCD_SetMainDigits@u16_MainData                     cstackBANK0  0000E7
LCD_SetMainDigits@u8_TempArray                     cstackBANK1  00015F
LCD_SetPresetDigits@bFlag_Number                   cstackBANK0  0000EA
LCD_SetPresetDigits@u16_PresetData                 cstackBANK0  0000E7
LCD_SetPresetDigits@u8_Preset                      cstackBANK0  0000E9
LCD_SetPresetDigits@u8_TempArray                   cstackBANK1  00015F
LCD_Task@bFlag_SecondaryData                       bssBANK0     0000C5
LCD_Task@u8_LCD_DataCounter                        bssBANK0     0000C7
LCD_Task@u8_Status                                 bssBANK0     0000C6
NVM_Init@u16_TempData                              cstackBANK0  0000E3
NVM_Read@u16_Address                               cstackBANK0  0000E3
NVM_Read@u16_Temp                                  cstackBANK0  0000E5
NVM_Task@bFlag_StateWriteLowByte                   bssBANK0     0000BA
NVM_Task@u16_TempAddress                           bssBANK0     000099
NVM_Task@u16_TempWriteData                         bssBANK0     00009B
NVM_Task@u8_TempWriteFlag                          bssBANK0     0000B9
NVM_Write@u16_Data                                 cstackBANK0  0000E3
NVM_Write@u8_Address                               cstackBANK0  0000E7
PWM_SetDutyCycle@u16_DutyCycle                     cstackBANK0  0000E3
PWM_Task@u8_PeriodCount                            bssBANK0     0000B5
PWM_Task@u8_PwmCounter                             bssBANK0     0000B6
USER_FastDecrementSetpoint@u8_FastDecrementCounter bssBANK0     0000BE
USER_FastIncrementSetpoint@u8_FastIncrementCounter bssBANK0     0000BF
USER_Init@u16_StartupCounter                       cstackBANK1  000162
USER_Init@u16_TempNvmData                          cstackBANK1  000164
USER_Task@bFlag_AutoOff                            bssBANK0     0000C0
USER_Task@u16_AdcPT20Voltage                       cstackBANK1  000162
USER_Task@u16_SaveCurrentSettingCounter            bssBANK0     00009F
USER_Task@u16_ShowCurrentSettingCounter            bssBANK0     00009D
USER_Task@u16_TemporaryCurrentTemperature          bssBANK0     0000A3
USER_Task@u16_TemporarySaveSetpoint                bssBANK0     0000A1
USER_Task@u16_TemporarySetpoint                    bssBANK0     0000A5
USER_Task@u32_WatchdogCounter                      bssBANK0     00008F
USER_Task@u8_DisplayChangeCounter                  bssBANK0     0000C1
USER_Task@u8_ErroState                             bssBANK0     0000C2
USER_TemperatureFilter@u16_FilterArray             bssBANK1     00014A
USER_TemperatureFilter@u16_FilterTemporary         cstackBANK0  0000E7
_ADCON0                                            (abs)        000FC2
_ADCON0bits                                        (abs)        000FC2
_ADCON1                                            (abs)        000FC1
_ADCON2                                            (abs)        000FC0
_ADC_GetTemperature                                text3        002C38
_ADC_GetVoltageFiltered                            text46       002226
_ADC_GetVoltageMV                                  text12       002C42
_ADC_Init                                          text49       002BA4
_ADC_Task                                          text44       001674
_ADC_Task$1620                                     cstackBANK1  000163
_ADRES                                             (abs)        000FC3
_BUTTONS_GetState                                  text11       00276C
_BUTTONS_Task                                      text43       0013EC
_DebugVariable                                     bssBANK0     0000B3
_EEADR                                             (abs)        000FA9
_EECON1                                            (abs)        000FA6
_EECON1bits                                        (abs)        000FA6
_EECON2                                            (abs)        000FA7
_EEDATA                                            (abs)        000FA8
_GPIO_Init                                         text42       00299E
_I2C_Init                                          text41       002B86
_I2C_SendData                                      text40       002B06
_I2C_Start                                         text38       002516
_I2C_Stop                                          text37       002C7E
_INTCON                                            (abs)        000FF2
_INTCON2                                           (abs)        000FF1
_INTCON3                                           (abs)        000FF0
_INTCON3bits                                       (abs)        000FF0
_INTCONbits                                        (abs)        000FF2
_IOFS                                              (abs)        007E9A
_ISR                                               intcode      000008
_LATA                                              (abs)        000F89
_LATAbits                                          (abs)        000F89
_LATB                                              (abs)        000F8A
_LATC                                              (abs)        000F8B
_LATD                                              (abs)        000F8C
_LATDbits                                          (abs)        000F8C
_LCD_Bcd2Segment                                   text20       001EC6
_LCD_Clear                                         text23       002B48
_LCD_Dec2Bcd                                       text17       00246E
_LCD_GetData                                       text22       002A88
_LCD_Init                                          text35       001A86
_LCD_SetData                                       text36       0028BE
_LCD_SetIcons                                      text21       002A1C
_LCD_SetMainDigits                                 text10       002012
_LCD_SetPresetDigits                               text16       001890
_LCD_Task                                          text34       002150
_LCD_Update                                        text15       002BDA
_NVM_Init                                          text33       002910
_NVM_Read                                          text14       002818
_NVM_Task                                          text30       001C18
_NVM_Write                                         text9        0029DE
_OSCCON                                            (abs)        000FD3
_PEN                                               (abs)        007E2A
_PIE1bits                                          (abs)        000F9D
_PIR1bits                                          (abs)        000F9E
_PLLEN                                             (abs)        007CDE
_PORTA                                             (abs)        000F80
_PORTB                                             (abs)        000F81
_PORTC                                             (abs)        000F82
_PORTCbits                                         (abs)        000F82
_PORTD                                             (abs)        000F83
_PR2                                               (abs)        000FCB
_PWM_ResetSyncTrigger                              text29       002C54
_PWM_SetDutyCycle                                  text8        002B68
_PWM_SetSyncTrigger                                text53       002C64
_PWM_Task                                          text28       002696
_SEN                                               (abs)        007E28
_SSPADD                                            (abs)        000FC8
_SSPBUF                                            (abs)        000FC9
_SSPCON1                                           (abs)        000FC6
_SSPCON2                                           (abs)        000FC5
_SSPSTAT                                           (abs)        000FC7
_SYSTEM_DisableInterrupts                          text32       002C78
_SYSTEM_EnableInterrupts                           text31       002C72
_SYSTEM_Init                                       text27       002C04
_T2CON                                             (abs)        000FCA
_TIMER_GetSysTick                                  text39       002C16
_TIMER_GetSysTickFlag                              text26       002C6C
_TIMER_IncrementSysTick                            text52       002C28
_TIMER_Init                                        text25       002BF0
_TIMER_ResetSysTickFlag                            text24       002C4C
_TIMER_SetSysTickFlag                              text51       002C5C
_TMR2                                              (abs)        000FCC
_TMR2IP                                            (abs)        007CF9
_TRISA                                             (abs)        000F92
_TRISB                                             (abs)        000F93
_TRISC                                             (abs)        000F94
_TRISC3                                            (abs)        007CA3
_TRISC4                                            (abs)        007CA4
_TRISD                                             (abs)        000F95
_USER_DecrementSetpoint                            text7        002BC2
_USER_FastDecrementSetpoint                        text6        002ABA
_USER_FastIncrementSetpoint                        text5        002A56
_USER_IncrementSetpoint                            text4        002B28
_USER_Init                                         text13       001D7A
_USER_Task                                         text1        001014
_USER_TemperatureFilter                            text2        00261C
__CFG_BOREN$OFF                                    (abs)        000000
__CFG_BORV$3                                       (abs)        000000
__CFG_CCP2MX$PORTC                                 (abs)        000000
__CFG_CP0$OFF                                      (abs)        000000
__CFG_CP1$OFF                                      (abs)        000000
__CFG_CP2$OFF                                      (abs)        000000
__CFG_CP3$OFF                                      (abs)        000000
__CFG_CPB$OFF                                      (abs)        000000
__CFG_CPD$OFF                                      (abs)        000000
__CFG_EBTR0$OFF                                    (abs)        000000
__CFG_EBTR1$OFF                                    (abs)        000000
__CFG_EBTR2$OFF                                    (abs)        000000
__CFG_EBTR3$OFF                                    (abs)        000000
__CFG_EBTRB$OFF                                    (abs)        000000
__CFG_FCMEN$OFF                                    (abs)        000000
__CFG_IESO$OFF                                     (abs)        000000
__CFG_LPT1OSC$OFF                                  (abs)        000000
__CFG_LVP$OFF                                      (abs)        000000
__CFG_MCLRE$OFF                                    (abs)        000000
__CFG_OSC$INTIO67                                  (abs)        000000
__CFG_PBADEN$OFF                                   (abs)        000000
__CFG_PWRT$OFF                                     (abs)        000000
__CFG_STVREN$OFF                                   (abs)        000000
__CFG_WDT$OFF                                      (abs)        000000
__CFG_WDTPS$32768                                  (abs)        000000
__CFG_WRT0$OFF                                     (abs)        000000
__CFG_WRT1$OFF                                     (abs)        000000
__CFG_WRT2$OFF                                     (abs)        000000
__CFG_WRT3$OFF                                     (abs)        000000
__CFG_WRTB$OFF                                     (abs)        000000
__CFG_WRTC$OFF                                     (abs)        000000
__CFG_WRTD$OFF                                     (abs)        000000
__CFG_XINST$OFF                                    (abs)        000000
__HRAM                                             (abs)        000000
__Habs1                                            abs1         000000
__Hbank0                                           bank0        000000
__Hbank1                                           bank1        000000
__Hbank10                                          bank10       000000
__Hbank11                                          bank11       000000
__Hbank12                                          bank12       000000
__Hbank13                                          bank13       000000
__Hbank14                                          bank14       000000
__Hbank15                                          bank15       000000
__Hbank2                                           bank2        000000
__Hbank3                                           bank3        000000
__Hbank4                                           bank4        000000
__Hbank5                                           bank5        000000
__Hbank6                                           bank6        000000
__Hbank7                                           bank7        000000
__Hbank8                                           bank8        000000
__Hbank9                                           bank9        000000
__Hbigbss                                          bigbss       000000
__Hbigdata                                         bigdata      000000
__Hbigram                                          bigram       000000
__Hbss                                             bss          000000
__HbssBANK0                                        bssBANK0     000000
__HbssBANK1                                        bssBANK1     000000
__Hcinit                                           cinit        000000
__Hclrtext                                         clrtext      000000
__Hcomram                                          comram       000000
__Hconfig                                          config       30000E
__Hconst                                           const        000000
__HcstackBANK0                                     cstackBANK0  000000
__HcstackBANK1                                     cstackBANK1  000000
__HcstackCOMRAM                                    cstackCOMRAM 000000
__Hdata                                            data         000000
__Heeprom_data                                     eeprom_data  000000
__Hfarbss                                          farbss       000000
__Hfardata                                         fardata      000000
__Hibigdata                                        ibigdata     000000
__Hidata                                           idata        000000
__Hidloc                                           idloc        000000
__Hifardata                                        ifardata     000000
__Hinit                                            init         000012
__Hintcode                                         intcode      00000E
__Hintcode_body                                    intcode_body 000000
__Hintcodelo                                       intcodelo    00000E
__Hintentry                                        intentry     000000
__Hintret                                          intret       000000
__Hintsave_regs                                    intsave_regs 000000
__Hirdata                                          irdata       000000
__Hmediumconst                                     mediumconst  000000
__HnvFARRAM                                        nvFARRAM     000000
__Hnvbit                                           nvbit        000000
__Hnvrram                                          nvrram       000000
__Hparam                                           param0       000000
__Hparam0                                          param0       000000
__Hpowerup                                         powerup      00000E
__Hram                                             ram          000000
__Hramtop                                          ramtop       001000
__Hrbit                                            rbit         000000
__Hrbss                                            rbss         000000
__Hrdata                                           rdata        000000
__Hreset_vec                                       reset_vec    000006
__Hsfr                                             sfr          000000
__Hsmallconst                                      smallconst   001014
__Hspace_0                                         (abs)        30000E
__Hspace_1                                         (abs)        000173
__Hspace_2                                         (abs)        000000
__Hstack                                           stack        000000
__Hstruct                                          struct       000000
__Htemp                                            temp         000029
__Htext                                            text         000000
__Htext0                                           text0        000000
__Htext1                                           text1        000000
__Htext10                                          text10       000000
__Htext11                                          text11       000000
__Htext12                                          text12       000000
__Htext13                                          text13       000000
__Htext14                                          text14       000000
__Htext15                                          text15       000000
__Htext16                                          text16       000000
__Htext17                                          text17       000000
__Htext18                                          text18       000000
__Htext19                                          text19       000000
__Htext2                                           text2        000000
__Htext20                                          text20       000000
__Htext21                                          text21       000000
__Htext22                                          text22       000000
__Htext23                                          text23       000000
__Htext24                                          text24       000000
__Htext25                                          text25       000000
__Htext26                                          text26       000000
__Htext27                                          text27       000000
__Htext28                                          text28       000000
__Htext29                                          text29       000000
__Htext3                                           text3        000000
__Htext30                                          text30       000000
__Htext31                                          text31       000000
__Htext32                                          text32       000000
__Htext33                                          text33       000000
__Htext34                                          text34       000000
__Htext35                                          text35       000000
__Htext36                                          text36       000000
__Htext37                                          text37       000000
__Htext38                                          text38       000000
__Htext39                                          text39       000000
__Htext4                                           text4        000000
__Htext40                                          text40       000000
__Htext41                                          text41       000000
__Htext42                                          text42       000000
__Htext43                                          text43       000000
__Htext44                                          text44       000000
__Htext45                                          text45       000000
__Htext46                                          text46       000000
__Htext47                                          text47       000000
__Htext48                                          text48       000000
__Htext49                                          text49       000000
__Htext5                                           text5        000000
__Htext51                                          text51       000000
__Htext52                                          text52       000000
__Htext53                                          text53       000000
__Htext6                                           text6        000000
__Htext7                                           text7        000000
__Htext8                                           text8        000000
__Htext9                                           text9        000000
__LRAM                                             (abs)        000001
__Labs1                                            abs1         000000
__Lbank0                                           bank0        000000
__Lbank1                                           bank1        000000
__Lbank10                                          bank10       000000
__Lbank11                                          bank11       000000
__Lbank12                                          bank12       000000
__Lbank13                                          bank13       000000
__Lbank14                                          bank14       000000
__Lbank15                                          bank15       000000
__Lbank2                                           bank2        000000
__Lbank3                                           bank3        000000
__Lbank4                                           bank4        000000
__Lbank5                                           bank5        000000
__Lbank6                                           bank6        000000
__Lbank7                                           bank7        000000
__Lbank8                                           bank8        000000
__Lbank9                                           bank9        000000
__Lbigbss                                          bigbss       000000
__Lbigdata                                         bigdata      000000
__Lbigram                                          bigram       000000
__Lbss                                             bss          000000
__LbssBANK0                                        bssBANK0     000000
__LbssBANK1                                        bssBANK1     000000
__Lcinit                                           cinit        000000
__Lclrtext                                         clrtext      000000
__Lcomram                                          comram       000000
__Lconfig                                          config       300000
__Lconst                                           const        000000
__LcstackBANK0                                     cstackBANK0  000000
__LcstackBANK1                                     cstackBANK1  000000
__LcstackCOMRAM                                    cstackCOMRAM 000000
__Ldata                                            data         000000
__Leeprom_data                                     eeprom_data  000000
__Lfarbss                                          farbss       000000
__Lfardata                                         fardata      000000
__Libigdata                                        ibigdata     000000
__Lidata                                           idata        000000
__Lidloc                                           idloc        000000
__Lifardata                                        ifardata     000000
__Linit                                            init         00000E
__Lintcode                                         intcode      000008
__Lintcode_body                                    intcode_body 000000
__Lintcodelo                                       intcodelo    00000E
__Lintentry                                        intentry     000000
__Lintret                                          intret       000000
__Lintsave_regs                                    intsave_regs 000000
__Lirdata                                          irdata       000000
__Lmediumconst                                     mediumconst  000000
__LnvFARRAM                                        nvFARRAM     000000
__Lnvbit                                           nvbit        000000
__Lnvrram                                          nvrram       000000
__Lparam                                           param0       000000
__Lparam0                                          param0       000000
__Lpowerup                                         powerup      00000E
__Lram                                             ram          000000
__Lramtop                                          ramtop       001000
__Lrbit                                            rbit         000000
__Lrbss                                            rbss         000000
__Lrdata                                           rdata        000000
__Lreset_vec                                       reset_vec    000000
__Lsfr                                             sfr          000000
__Lsmallconst                                      smallconst   001000
__Lspace_0                                         (abs)        000000
__Lspace_1                                         (abs)        000000
__Lspace_2                                         (abs)        000000
__Lstack                                           stack        000000
__Lstruct                                          struct       000000
__Ltemp                                            temp         000028
__Ltext                                            text         000000
__Ltext0                                           text0        000000
__Ltext1                                           text1        000000
__Ltext10                                          text10       000000
__Ltext11                                          text11       000000
__Ltext12                                          text12       000000
__Ltext13                                          text13       000000
__Ltext14                                          text14       000000
__Ltext15                                          text15       000000
__Ltext16                                          text16       000000
__Ltext17                                          text17       000000
__Ltext18                                          text18       000000
__Ltext19                                          text19       000000
__Ltext2                                           text2        000000
__Ltext20                                          text20       000000
__Ltext21                                          text21       000000
__Ltext22                                          text22       000000
__Ltext23                                          text23       000000
__Ltext24                                          text24       000000
__Ltext25                                          text25       000000
__Ltext26                                          text26       000000
__Ltext27                                          text27       000000
__Ltext28                                          text28       000000
__Ltext29                                          text29       000000
__Ltext3                                           text3        000000
__Ltext30                                          text30       000000
__Ltext31                                          text31       000000
__Ltext32                                          text32       000000
__Ltext33                                          text33       000000
__Ltext34                                          text34       000000
__Ltext35                                          text35       000000
__Ltext36                                          text36       000000
__Ltext37                                          text37       000000
__Ltext38                                          text38       000000
__Ltext39                                          text39       000000
__Ltext4                                           text4        000000
__Ltext40                                          text40       000000
__Ltext41                                          text41       000000
__Ltext42                                          text42       000000
__Ltext43                                          text43       000000
__Ltext44                                          text44       000000
__Ltext45                                          text45       000000
__Ltext46                                          text46       000000
__Ltext47                                          text47       000000
__Ltext48                                          text48       000000
__Ltext49                                          text49       000000
__Ltext5                                           text5        000000
__Ltext51                                          text51       000000
__Ltext52                                          text52       000000
__Ltext53                                          text53       000000
__Ltext6                                           text6        000000
__Ltext7                                           text7        000000
__Ltext8                                           text8        000000
__Ltext9                                           text9        000000
__S0                                               (abs)        30000E
__S1                                               (abs)        000173
__S2                                               (abs)        000000
___aldiv                                           text48       0022F2
___aldiv@counter                                   cstackCOMRAM 000015
___aldiv@dividend                                  cstackCOMRAM 00000D
___aldiv@divisor                                   cstackCOMRAM 000011
___aldiv@quotient                                  cstackCOMRAM 000017
___aldiv@sign                                      cstackCOMRAM 000016
___inthi_sp                                        stack        000000
___intlo_sp                                        stack        000000
___lldiv                                           text45       00259A
___lldiv@counter                                   cstackCOMRAM 000027
___lldiv@dividend                                  cstackCOMRAM 00001B
___lldiv@divisor                                   cstackCOMRAM 00001F
___lldiv@quotient                                  cstackCOMRAM 000023
___lmul                                            text47       0027C2
___lmul@multiplicand                               cstackCOMRAM 000005
___lmul@multiplier                                 cstackCOMRAM 000001
___lmul@product                                    cstackCOMRAM 000009
___lwdiv                                           text19       00286C
___lwdiv@counter                                   cstackCOMRAM 000005
___lwdiv@dividend                                  cstackCOMRAM 000001
___lwdiv@divisor                                   cstackCOMRAM 000003
___lwdiv@quotient                                  cstackCOMRAM 000006
___lwmod                                           text18       00295C
___lwmod@counter                                   cstackCOMRAM 00000C
___lwmod@dividend                                  cstackCOMRAM 000008
___lwmod@divisor                                   cstackCOMRAM 00000A
___param_bank                                      (abs)        000000
___rparam_used                                     (abs)        000000
___sp                                              stack        000000
__accesstop                                        (abs)        000080
__activetblptr                                     (abs)        000003
__end_of_ADC_GetTemperature                        text3        002C42
__end_of_ADC_GetVoltageFiltered                    text46       0022F2
__end_of_ADC_GetVoltageMV                          text12       002C4C
__end_of_ADC_Init                                  text49       002BC2
__end_of_ADC_Task                                  text44       001890
__end_of_BUTTONS_GetState                          text11       0027C2
__end_of_BUTTONS_Task                              text43       001674
__end_of_GPIO_Init                                 text42       0029DE
__end_of_I2C_Init                                  text41       002BA4
__end_of_I2C_SendData                              text40       002B28
__end_of_I2C_Start                                 text38       00259A
__end_of_I2C_Stop                                  text37       002C82
__end_of_ISR                                       intcode_body 00246E
__end_of_LCD_Bcd2Segment                           text20       002012
__end_of_LCD_Clear                                 text23       002B68
__end_of_LCD_Dec2Bcd                               text17       002516
__end_of_LCD_GetData                               text22       002ABA
__end_of_LCD_Init                                  text35       001C18
__end_of_LCD_SetData                               text36       002910
__end_of_LCD_SetIcons                              text21       002A56
__end_of_LCD_SetMainDigits                         text10       002150
__end_of_LCD_SetPresetDigits                       text16       001A86
__end_of_LCD_Task                                  text34       002226
__end_of_LCD_Update                                text15       002BF0
__end_of_NVM_Init                                  text33       00295C
__end_of_NVM_Read                                  text14       00286C
__end_of_NVM_Task                                  text30       001D7A
__end_of_NVM_Write                                 text9        002A1C
__end_of_PWM_ResetSyncTrigger                      text29       002C5C
__end_of_PWM_SetDutyCycle                          text8        002B86
__end_of_PWM_SetSyncTrigger                        text53       002C6C
__end_of_PWM_Task                                  text28       002702
__end_of_SYSTEM_DisableInterrupts                  text32       002C7E
__end_of_SYSTEM_EnableInterrupts                   text31       002C78
__end_of_SYSTEM_Init                               text27       002C16
__end_of_TIMER_GetSysTick                          text39       002C28
__end_of_TIMER_GetSysTickFlag                      text26       002C72
__end_of_TIMER_IncrementSysTick                    text52       002C38
__end_of_TIMER_Init                                text25       002C04
__end_of_TIMER_ResetSysTickFlag                    text24       002C54
__end_of_TIMER_SetSysTickFlag                      text51       002C64
__end_of_USER_DecrementSetpoint                    text7        002BDA
__end_of_USER_FastDecrementSetpoint                text6        002AE4
__end_of_USER_FastIncrementSetpoint                text5        002A88
__end_of_USER_IncrementSetpoint                    text4        002B48
__end_of_USER_Init                                 text13       001EC6
__end_of_USER_Task                                 text1        0013EC
__end_of_USER_TemperatureFilter                    text2        002696
__end_of___aldiv                                   text48       0023BE
__end_of___lldiv                                   text45       00261C
__end_of___lmul                                    text47       002818
__end_of___lwdiv                                   text19       0028BE
__end_of___lwmod                                   text18       00299E
__end_of__initialization                           cinit        002AFC
__end_of_main                                      text0        00276C
__end_of_si32_TempSensorGain                       smallconst   00100D
__end_of_si32_TempSensorOffset                     smallconst   001009
__end_of_u32_AdcLsb                                smallconst   001005
__end_of_u8_LCD_BankSelect                         smallconst   001010
__end_of_u8_LCD_Blink                              smallconst   001011
__end_of_u8_LCD_DeviceSelect                       smallconst   001013
__end_of_u8_LCD_ModeSet                            smallconst   001012
__end_of_u8_SoftwareVersion                        smallconst   00100F
__initialization                                   cinit        002AE4
__mediumconst                                      mediumconst  000000
__pbssBANK0                                        bssBANK0     000080
__pbssBANK1                                        bssBANK1     000100
__pcinit                                           cinit        002AE4
__pcstackBANK0                                     cstackBANK0  0000D1
__pcstackBANK1                                     cstackBANK1  00015F
__pcstackCOMRAM                                    cstackCOMRAM 000001
__pintcode                                         intcode      000008
__pintcode_body                                    intcode_body 0023BE
__psmallconst                                      smallconst   001000
__ptext0                                           text0        002702
__ptext1                                           text1        001014
__ptext10                                          text10       002012
__ptext11                                          text11       00276C
__ptext12                                          text12       002C42
__ptext13                                          text13       001D7A
__ptext14                                          text14       002818
__ptext15                                          text15       002BDA
__ptext16                                          text16       001890
__ptext17                                          text17       00246E
__ptext18                                          text18       00295C
__ptext19                                          text19       00286C
__ptext2                                           text2        00261C
__ptext20                                          text20       001EC6
__ptext21                                          text21       002A1C
__ptext22                                          text22       002A88
__ptext23                                          text23       002B48
__ptext24                                          text24       002C4C
__ptext25                                          text25       002BF0
__ptext26                                          text26       002C6C
__ptext27                                          text27       002C04
__ptext28                                          text28       002696
__ptext29                                          text29       002C54
__ptext3                                           text3        002C38
__ptext30                                          text30       001C18
__ptext31                                          text31       002C72
__ptext32                                          text32       002C78
__ptext33                                          text33       002910
__ptext34                                          text34       002150
__ptext35                                          text35       001A86
__ptext36                                          text36       0028BE
__ptext37                                          text37       002C7E
__ptext38                                          text38       002516
__ptext39                                          text39       002C16
__ptext4                                           text4        002B28
__ptext40                                          text40       002B06
__ptext41                                          text41       002B86
__ptext42                                          text42       00299E
__ptext43                                          text43       0013EC
__ptext44                                          text44       001674
__ptext45                                          text45       00259A
__ptext46                                          text46       002226
__ptext47                                          text47       0027C2
__ptext48                                          text48       0022F2
__ptext49                                          text49       002BA4
__ptext5                                           text5        002A56
__ptext51                                          text51       002C5C
__ptext52                                          text52       002C28
__ptext53                                          text53       002C64
__ptext6                                           text6        002ABA
__ptext7                                           text7        002BC2
__ptext8                                           text8        002B68
__ptext9                                           text9        0029DE
__ramtop                                           ramtop       001000
__size_of_ADC_GetTemperature                       (abs)        000000
__size_of_ADC_GetVoltageFiltered                   (abs)        000000
__size_of_ADC_GetVoltageMV                         (abs)        000000
__size_of_ADC_Init                                 (abs)        000000
__size_of_ADC_Task                                 (abs)        000000
__size_of_BUTTONS_GetState                         (abs)        000000
__size_of_BUTTONS_Task                             (abs)        000000
__size_of_GPIO_Init                                (abs)        000000
__size_of_I2C_Init                                 (abs)        000000
__size_of_I2C_SendData                             (abs)        000000
__size_of_I2C_Start                                (abs)        000000
__size_of_I2C_Stop                                 (abs)        000000
__size_of_ISR                                      (abs)        000000
__size_of_LCD_Bcd2Segment                          (abs)        000000
__size_of_LCD_Clear                                (abs)        000000
__size_of_LCD_Dec2Bcd                              (abs)        000000
__size_of_LCD_GetData                              (abs)        000000
__size_of_LCD_Init                                 (abs)        000000
__size_of_LCD_SetData                              (abs)        000000
__size_of_LCD_SetIcons                             (abs)        000000
__size_of_LCD_SetMainDigits                        (abs)        000000
__size_of_LCD_SetPresetDigits                      (abs)        000000
__size_of_LCD_Task                                 (abs)        000000
__size_of_LCD_Update                               (abs)        000000
__size_of_NVM_Init                                 (abs)        000000
__size_of_NVM_Read                                 (abs)        000000
__size_of_NVM_Task                                 (abs)        000000
__size_of_NVM_Write                                (abs)        000000
__size_of_PWM_ResetSyncTrigger                     (abs)        000000
__size_of_PWM_SetDutyCycle                         (abs)        000000
__size_of_PWM_SetSyncTrigger                       (abs)        000000
__size_of_PWM_Task                                 (abs)        000000
__size_of_SYSTEM_DisableInterrupts                 (abs)        000000
__size_of_SYSTEM_EnableInterrupts                  (abs)        000000
__size_of_SYSTEM_Init                              (abs)        000000
__size_of_TIMER_GetSysTick                         (abs)        000000
__size_of_TIMER_GetSysTickFlag                     (abs)        000000
__size_of_TIMER_IncrementSysTick                   (abs)        000000
__size_of_TIMER_Init                               (abs)        000000
__size_of_TIMER_ResetSysTickFlag                   (abs)        000000
__size_of_TIMER_SetSysTickFlag                     (abs)        000000
__size_of_USER_DecrementSetpoint                   (abs)        000000
__size_of_USER_FastDecrementSetpoint               (abs)        000000
__size_of_USER_FastIncrementSetpoint               (abs)        000000
__size_of_USER_IncrementSetpoint                   (abs)        000000
__size_of_USER_Init                                (abs)        000000
__size_of_USER_Task                                (abs)        000000
__size_of_USER_TemperatureFilter                   (abs)        000000
__size_of___aldiv                                  (abs)        000000
__size_of___lldiv                                  (abs)        000000
__size_of___lmul                                   (abs)        000000
__size_of___lwdiv                                  (abs)        000000
__size_of___lwmod                                  (abs)        000000
__size_of_main                                     (abs)        000000
__smallconst                                       smallconst   001000
_bFlag_SyncTrigger                                 bssBANK0     0000B8
_bFlag_SysTick                                     bssBANK0     0000BD
_main                                              text0        002702
_s16_TemperatureCelcius                            bssBANK0     000093
_si32_TempSensorGain                               smallconst   001009
_si32_TempSensorOffset                             smallconst   001005
_t_Buttons                                         bssBANK0     0000CC
_t_Temperatures                                    bssBANK0     000080
_u16_AdcVoltageMV                                  bssBANK0     0000B1
_u16_ControlOutput                                 bssBANK0     0000AB
_u16_NVM_WriteBuffer                               bssBANK1     000140
_u16_SyncTime                                      bssBANK0     000097
_u32_AdcLsb                                        smallconst   001001
_u32_SysTickCounter                                bssBANK1     000157
_u8_ButtonSignal                                   bssBANK0     00008A
_u8_DutyCycle                                      bssBANK0     0000B7
_u8_ErrorRegister                                  bssBANK0     0000CB
_u8_LCD_BankSelect                                 smallconst   00100F
_u8_LCD_Blink                                      smallconst   001010
_u8_LCD_Data                                       bssBANK1     000110
_u8_LCD_Data_Ext                                   bssBANK1     000100
_u8_LCD_Datapointer                                bssBANK0     0000C8
_u8_LCD_DeviceSelect                               smallconst   001012
_u8_LCD_ModeSet                                    smallconst   001011
_u8_LCD_State                                      bssBANK0     0000AD
_u8_NVM_WriteRegister                              bssBANK0     0000BB
_u8_SoftwareVersion                                smallconst   00100D
btemp                                              temp         000028
end_of_initialization                              cinit        002AFC
int$flags                                          temp         000028
int_func                                           intcode_body 0023BE
intlevel0                                          text         000000
intlevel1                                          text         000000
intlevel2                                          text         000000
intlevel3                                          text         000000
main@u32_TimeStamp                                 bssBANK1     00015B
main@u8_TaskCounter100ms                           cstackBANK1  000172
stackhi                                            (abs)        000EEE
stacklo                                            (abs)        000173
start                                              init         00000E
start_initialization                               cinit        002AE4
wtemp6                                             temp         000029


FUNCTION INFORMATION:

 *************** function _main *****************
 Defined at:
		line 25 in file "main.c"
 Parameters:    Size  Location     Type
  argc            2   14[BANK1 ] int 
  argv            3   16[BANK1 ] PTR PTR unsigned char 
 Auto vars:     Size  Location     Type
  u8_TaskCount    1   19[BANK1 ] unsigned char 
 Return value:  Size  Location     Type
                  2   14[BANK1 ] int 
 Registers used:
		wreg, fsr2l, fsr2h, status,2, status,0, tblptrl, tblptrh, tblptru, prodl, prodh, cstack
 Tracked objects:
		On entry : 
		On exit  : 
		Unchanged: 
 Data sizes:     COMRAM   BANK0   BANK1   BANK2   BANK3   BANK4   BANK5   BANK6   BANK7   BANK8   BANK9  BANK10  BANK11  BANK12  BANK13  BANK14  BANK15
      Params:         0       0       5       0       0       0       0       0       0       0       0       0       0       0       0       0       0
      Locals:         0       0       1       0       0       0       0       0       0       0       0       0       0       0       0       0       0
      Temps:          0       0       0       0       0       0       0       0       0       0       0       0       0       0       0       0       0
      Totals:         0       0       6       0       0       0       0       0       0       0       0       0       0       0       0       0       0
Total ram usage:        6 bytes
 Hardware stack levels required when called:    6
 This function calls:
		_ADC_Init
		_ADC_Task
		_BUTTONS_Task
		_GPIO_Init
		_I2C_Init
		_LCD_Init
		_LCD_Task
		_LCD_Update
		_NVM_Init
		_NVM_Task
		_PWM_Task
		_SYSTEM_EnableInterrupts
		_SYSTEM_Init
		_TIMER_GetSysTickFlag
		_TIMER_Init
		_TIMER_ResetSysTickFlag
		_USER_Init
		_USER_Task
 This function is called by:
		Startup code after reset
 This function uses a non-reentrant model


 *************** function _USER_Task *****************
 Defined at:
		line 86 in file "apl/user.c"
 Parameters:    Size  Location     Type
		None
 Auto vars:     Size  Location     Type
  u16_AdcPT20V    2    3[BANK1 ] volatile unsigned int 
 Return value:  Size  Location     Type
                  1    wreg      void 
 Registers used:
		wreg, fsr2l, fsr2h, status,2, status,0, tblptrl, tblptrh, tblptru, prodl, prodh, cstack
 Tracked objects:
		On entry : 
		On exit  : 
		Unchanged: 
 Data sizes:     COMRAM   BANK0   BANK1   BANK2   BANK3   BANK4   BANK5   BANK6   BANK7   BANK8   BANK9  BANK10  BANK11  BANK12  BANK13  BANK14  BANK15
      Params:         0       0       0       0       0       0       0       0       0       0       0       0       0       0       0       0       0
      Locals:         0       0       2       0       0       0       0       0       0       0       0       0       0       0       0       0       0
      Temps:          0       0       0       0       0       0       0       0       0       0       0       0       0       0       0       0       0
      Totals:         0       0       2       0       0       0       0       0       0       0       0       0       0       0       0       0       0
Total ram usage:        2 bytes
 Hardware stack levels used:    1
 Hardware stack levels required when called:    5
 This function calls:
		_ADC_GetVoltageMV
		_BUTTONS_GetState
		_LCD_Clear
		_LCD_SetIcons
		_LCD_SetMainDigits
		_LCD_SetPresetDigits
		_NVM_Read
		_NVM_Write
		_PWM_SetDutyCycle
		_USER_DecrementSetpoint
		_USER_FastDecrementSetpoint
		_USER_FastIncrementSetpoint
		_USER_IncrementSetpoint
		_USER_TemperatureFilter
 This function is called by:
		_main
 This function uses a non-reentrant model


 *************** function _USER_TemperatureFilter *****************
 Defined at:
		line 370 in file "apl/user.c"
 Parameters:    Size  Location     Type
		None
 Auto vars:     Size  Location     Type
  u16_FilterTe    2   22[BANK0 ] unsigned int 
 Return value:  Size  Location     Type
                  2   20[BANK0 ] unsigned int 
 Registers used:
		wreg, status,2, status,0, cstack
 Tracked objects:
		On entry : 
		On exit  : 
		Unchanged: 
 Data sizes:     COMRAM   BANK0   BANK1   BANK2   BANK3   BANK4   BANK5   BANK6   BANK7   BANK8   BANK9  BANK10  BANK11  BANK12  BANK13  BANK14  BANK15
      Params:         0       2       0       0       0       0       0       0       0       0       0       0       0       0       0       0       0
      Locals:         0       2       0       0       0       0       0       0       0       0       0       0       0       0       0       0       0
      Temps:          0       0       0       0       0       0       0       0       0       0       0       0       0       0       0       0       0
      Totals:         0       4       0       0       0       0       0       0       0       0       0       0       0       0       0       0       0
Total ram usage:        4 bytes
 Hardware stack levels used:    1
 Hardware stack levels required when called:    3
 This function calls:
		_ADC_GetTemperature
 This function is called by:
		_USER_Task
 This function uses a non-reentrant model


 *************** function _ADC_GetTemperature *****************
 Defined at:
		line 42 in file "hal/adc.c"
 Parameters:    Size  Location     Type
		None
 Auto vars:     Size  Location     Type
		None
 Return value:  Size  Location     Type
                  2   18[BANK0 ] unsigned int 
 Registers used:
		None
 Tracked objects:
		On entry : 
		On exit  : 
		Unchanged: 
 Data sizes:     COMRAM   BANK0   BANK1   BANK2   BANK3   BANK4   BANK5   BANK6   BANK7   BANK8   BANK9  BANK10  BANK11  BANK12  BANK13  BANK14  BANK15
      Params:         0       2       0       0       0       0       0       0       0       0       0       0       0       0       0       0       0
      Locals:         0       0       0       0       0       0       0       0       0       0       0       0       0       0       0       0       0
      Temps:          0       0       0       0       0       0       0       0       0       0       0       0       0       0       0       0       0
      Totals:         0       2       0       0       0       0       0       0       0       0       0       0       0       0       0       0       0
Total ram usage:        2 bytes
 Hardware stack levels used:    1
 Hardware stack levels required when called:    2
 This function calls:
		Nothing
 This function is called by:
		_USER_TemperatureFilter
		_CONTROL_Task
 This function uses a non-reentrant model


 *************** function _USER_IncrementSetpoint *****************
 Defined at:
		line 318 in file "apl/user.c"
 Parameters:    Size  Location     Type
		None
 Auto vars:     Size  Location     Type
		None
 Return value:  Size  Location     Type
                  1    wreg      void 
 Registers used:
		wreg, status,2, status,0
 Tracked objects:
		On entry : 
		On exit  : 
		Unchanged: 
 Data sizes:     COMRAM   BANK0   BANK1   BANK2   BANK3   BANK4   BANK5   BANK6   BANK7   BANK8   BANK9  BANK10  BANK11  BANK12  BANK13  BANK14  BANK15
      Params:         0       0       0       0       0       0       0       0       0       0       0       0       0       0       0       0       0
      Locals:         0       0       0       0       0       0       0       0       0       0       0       0       0       0       0       0       0
      Temps:          0       0       0       0       0       0       0       0       0       0       0       0       0       0       0       0       0
      Totals:         0       0       0       0       0       0       0       0       0       0       0       0       0       0       0       0       0
Total ram usage:        0 bytes
 Hardware stack levels used:    1
 Hardware stack levels required when called:    2
 This function calls:
		Nothing
 This function is called by:
		_USER_Task
 This function uses a non-reentrant model


 *************** function _USER_FastIncrementSetpoint *****************
 Defined at:
		line 337 in file "apl/user.c"
 Parameters:    Size  Location     Type
		None
 Auto vars:     Size  Location     Type
		None
 Return value:  Size  Location     Type
                  1    wreg      void 
 Registers used:
		wreg, status,2, status,0
 Tracked objects:
		On entry : 
		On exit  : 
		Unchanged: 
 Data sizes:     COMRAM   BANK0   BANK1   BANK2   BANK3   BANK4   BANK5   BANK6   BANK7   BANK8   BANK9  BANK10  BANK11  BANK12  BANK13  BANK14  BANK15
      Params:         0       0       0       0       0       0       0       0       0       0       0       0       0       0       0       0       0
      Locals:         0       0       0       0       0       0       0       0       0       0       0       0       0       0       0       0       0
      Temps:          0       0       0       0       0       0       0       0       0       0       0       0       0       0       0       0       0
      Totals:         0       0       0       0       0       0       0       0       0       0       0       0       0       0       0       0       0
Total ram usage:        0 bytes
 Hardware stack levels used:    1
 Hardware stack levels required when called:    2
 This function calls:
		Nothing
 This function is called by:
		_USER_Task
 This function uses a non-reentrant model


 *************** function _USER_FastDecrementSetpoint *****************
 Defined at:
		line 354 in file "apl/user.c"
 Parameters:    Size  Location     Type
		None
 Auto vars:     Size  Location     Type
		None
 Return value:  Size  Location     Type
                  1    wreg      void 
 Registers used:
		wreg, status,2, status,0
 Tracked objects:
		On entry : 
		On exit  : 
		Unchanged: 
 Data sizes:     COMRAM   BANK0   BANK1   BANK2   BANK3   BANK4   BANK5   BANK6   BANK7   BANK8   BANK9  BANK10  BANK11  BANK12  BANK13  BANK14  BANK15
      Params:         0       0       0       0       0       0       0       0       0       0       0       0       0       0       0       0       0
      Locals:         0       0       0       0       0       0       0       0       0       0       0       0       0       0       0       0       0
      Temps:          0       0       0       0       0       0       0       0       0       0       0       0       0       0       0       0       0
[...]
      Totals:         0       1       0       0       0       0       0       0       0       0       0       0       0       0       0       0       0
Total ram usage:        1 bytes
 Hardware stack levels used:    1
 Hardware stack levels required when called:    2
 This function calls:
		Nothing
 This function is called by:
		_main
 This function uses a non-reentrant model


 *************** function _ADC_Task *****************
 Defined at:
		line 66 in file "hal/adc.c"
 Parameters:    Size  Location     Type
		None
 Auto vars:     Size  Location     Type
  si32_AdcTemp    4   10[BANK1 ] long 
  u16_AdcResul    2    8[BANK1 ] unsigned int 
 Return value:  Size  Location     Type
                  1    wreg      void 
 Registers used:
		wreg, status,2, status,0, tblptrl, tblptrh, tblptru, cstack
 Tracked objects:
		On entry : 
		On exit  : 
		Unchanged: 
 Data sizes:     COMRAM   BANK0   BANK1   BANK2   BANK3   BANK4   BANK5   BANK6   BANK7   BANK8   BANK9  BANK10  BANK11  BANK12  BANK13  BANK14  BANK15
      Params:         0       0       0       0       0       0       0       0       0       0       0       0       0       0       0       0       0
      Locals:         0       0      10       0       0       0       0       0       0       0       0       0       0       0       0       0       0
      Temps:          0       0       4       0       0       0       0       0       0       0       0       0       0       0       0       0       0
      Totals:         0       0      14       0       0       0       0       0       0       0       0       0       0       0       0       0       0
Total ram usage:       14 bytes
 Hardware stack levels used:    1
 Hardware stack levels required when called:    4
 This function calls:
		_ADC_GetVoltageFiltered
		___aldiv
		___lldiv
		___lmul
 This function is called by:
		_main
 This function uses a non-reentrant model


 *************** function ___lldiv *****************
 Defined at:
		line 8 in file "C:\Program Files (x86)\Microchip\xc8\v1.45\sources\common\lldiv.c"
 Parameters:    Size  Location     Type
  dividend        4   26[COMRAM] unsigned long 
  divisor         4   30[COMRAM] unsigned long 
 Auto vars:     Size  Location     Type
  quotient        4   34[COMRAM] unsigned long 
  counter         1   38[COMRAM] unsigned char 
 Return value:  Size  Location     Type
                  4   26[COMRAM] unsigned long 
 Registers used:
		wreg, status,2, status,0
 Tracked objects:
		On entry : 
		On exit  : 
		Unchanged: 
 Data sizes:     COMRAM   BANK0   BANK1   BANK2   BANK3   BANK4   BANK5   BANK6   BANK7   BANK8   BANK9  BANK10  BANK11  BANK12  BANK13  BANK14  BANK15
      Params:         8       0       0       0       0       0       0       0       0       0       0       0       0       0       0       0       0
      Locals:         5       0       0       0       0       0       0       0       0       0       0       0       0       0       0       0       0
      Temps:          0       0       0       0       0       0       0       0       0       0       0       0       0       0       0       0       0
      Totals:        13       0       0       0       0       0       0       0       0       0       0       0       0       0       0       0       0
Total ram usage:       13 bytes
 Hardware stack levels used:    1
 Hardware stack levels required when called:    2
 This function calls:
		Nothing
 This function is called by:
		_ADC_Task
 This function uses a non-reentrant model


 *************** function _ADC_GetVoltageFiltered *****************
 Defined at:
		line 52 in file "hal/adc.c"
 Parameters:    Size  Location     Type
  u16_Input       2   18[BANK0 ] unsigned int 
 Auto vars:     Size  Location     Type
  s32_FilterTe    4   22[BANK0 ] long 
 Return value:  Size  Location     Type
                  2   18[BANK0 ] unsigned int 
 Registers used:
		wreg, status,2, status,0, cstack
 Tracked objects:
		On entry : 
		On exit  : 
		Unchanged: 
 Data sizes:     COMRAM   BANK0   BANK1   BANK2   BANK3   BANK4   BANK5   BANK6   BANK7   BANK8   BANK9  BANK10  BANK11  BANK12  BANK13  BANK14  BANK15
      Params:         0       2       0       0       0       0       0       0       0       0       0       0       0       0       0       0       0
      Locals:         0       4       0       0       0       0       0       0       0       0       0       0       0       0       0       0       0
      Temps:          0       2       0       0       0       0       0       0       0       0       0       0       0       0       0       0       0
      Totals:         0       8       0       0       0       0       0       0       0       0       0       0       0       0       0       0       0
Total ram usage:        8 bytes
 Hardware stack levels used:    1
 Hardware stack levels required when called:    3
 This function calls:
		___aldiv
		___lmul
 This function is called by:
		_ADC_Task
 This function uses a non-reentrant model


 *************** function ___lmul *****************
 Defined at:
		line 15 in file "C:\Program Files (x86)\Microchip\xc8\v1.45\sources\common\Umul32.c"
 Parameters:    Size  Location     Type
  multiplier      4    0[COMRAM] unsigned long 
  multiplicand    4    4[COMRAM] unsigned long 
 Auto vars:     Size  Location     Type
  product         4    8[COMRAM] unsigned long 
 Return value:  Size  Location     Type
                  4    0[COMRAM] unsigned long 
 Registers used:
		wreg, status,2, status,0
 Tracked objects:
		On entry : 
		On exit  : 
		Unchanged: 
 Data sizes:     COMRAM   BANK0   BANK1   BANK2   BANK3   BANK4   BANK5   BANK6   BANK7   BANK8   BANK9  BANK10  BANK11  BANK12  BANK13  BANK14  BANK15
      Params:         8       0       0       0       0       0       0       0       0       0       0       0       0       0       0       0       0
      Locals:         4       0       0       0       0       0       0       0       0       0       0       0       0       0       0       0       0
      Temps:          0       0       0       0       0       0       0       0       0       0       0       0       0       0       0       0       0
      Totals:        12       0       0       0       0       0       0       0       0       0       0       0       0       0       0       0       0
Total ram usage:       12 bytes
 Hardware stack levels used:    1
 Hardware stack levels required when called:    2
 This function calls:
		Nothing
 This function is called by:
		_ADC_GetVoltageFiltered
		_ADC_Task
		_CONTROL_Task
 This function uses a non-reentrant model


 *************** function ___aldiv *****************
 Defined at:
		line 8 in file "C:\Program Files (x86)\Microchip\xc8\v1.45\sources\common\aldiv.c"
 Parameters:    Size  Location     Type
  dividend        4   12[COMRAM] long 
  divisor         4   16[COMRAM] long 
 Auto vars:     Size  Location     Type
  quotient        4   22[COMRAM] long 
  sign            1   21[COMRAM] unsigned char 
  counter         1   20[COMRAM] unsigned char 
 Return value:  Size  Location     Type
                  4   12[COMRAM] long 
 Registers used:
		wreg, status,2, status,0
 Tracked objects:
		On entry : 
		On exit  : 
		Unchanged: 
 Data sizes:     COMRAM   BANK0   BANK1   BANK2   BANK3   BANK4   BANK5   BANK6   BANK7   BANK8   BANK9  BANK10  BANK11  BANK12  BANK13  BANK14  BANK15
      Params:         8       0       0       0       0       0       0       0       0       0       0       0       0       0       0       0       0
      Locals:         6       0       0       0       0       0       0       0       0       0       0       0       0       0       0       0       0
      Temps:          0       0       0       0       0       0       0       0       0       0       0       0       0       0       0       0       0
      Totals:        14       0       0       0       0       0       0       0       0       0       0       0       0       0       0       0       0
Total ram usage:       14 bytes
 Hardware stack levels used:    1
 Hardware stack levels required when called:    2
 This function calls:
		Nothing
 This function is called by:
		_ADC_GetVoltageFiltered
		_ADC_Task
		_CONTROL_Task
 This function uses a non-reentrant model


 *************** function _ADC_Init *****************
 Defined at:
		line 25 in file "hal/adc.c"
 Parameters:    Size  Location     Type
		None
 Auto vars:     Size  Location     Type
		None
 Return value:  Size  Location     Type
                  1    wreg      void 
 Registers used:
		wreg, status,2
 Tracked objects:
		On entry : 
		On exit  : 
		Unchanged: 
 Data sizes:     COMRAM   BANK0   BANK1   BANK2   BANK3   BANK4   BANK5   BANK6   BANK7   BANK8   BANK9  BANK10  BANK11  BANK12  BANK13  BANK14  BANK15
      Params:         0       0       0       0       0       0       0       0       0       0       0       0       0       0       0       0       0
      Locals:         0       0       0       0       0       0       0       0       0       0       0       0       0       0       0       0       0
      Temps:          0       0       0       0       0       0       0       0       0       0       0       0       0       0       0       0       0
      Totals:         0       0       0       0       0       0       0       0       0       0       0       0       0       0       0       0       0
Total ram usage:        0 bytes
 Hardware stack levels used:    1
 Hardware stack levels required when called:    2
 This function calls:
		Nothing
 This function is called by:
		_main
 This function uses a non-reentrant model


 *************** function _ISR *****************
 Defined at:
		line 84 in file "main.c"
 Parameters:    Size  Location     Type
		None
 Auto vars:     Size  Location     Type
		None
 Return value:  Size  Location     Type
                  1    wreg      void 
 Registers used:
		wreg, status,2, status,0, cstack
 Tracked objects:
		On entry : 
		On exit  : 
		Unchanged: 
 Data sizes:     COMRAM   BANK0   BANK1   BANK2   BANK3   BANK4   BANK5   BANK6   BANK7   BANK8   BANK9  BANK10  BANK11  BANK12  BANK13  BANK14  BANK15
      Params:         0       0       0       0       0       0       0       0       0       0       0       0       0       0       0       0       0
      Locals:         0       0       0       0       0       0       0       0       0       0       0       0       0       0       0       0       0
      Temps:          0      18       0       0       0       0       0       0       0       0       0       0       0       0       0       0       0
      Totals:         0      18       0       0       0       0       0       0       0       0       0       0       0       0       0       0       0
Total ram usage:       18 bytes
 Hardware stack levels used:    1
 Hardware stack levels required when called:    1
 This function calls:
		_PWM_SetSyncTrigger
		_TIMER_IncrementSysTick
		_TIMER_SetSysTickFlag
 This function is called by:
		Interrupt level 2
 This function uses a non-reentrant model


 *************** function _TIMER_SetSysTickFlag *****************
 Defined at:
		line 57 in file "hal/timer.c"
 Parameters:    Size  Location     Type
		None
 Auto vars:     Size  Location     Type
		None
 Return value:  Size  Location     Type
                  1    wreg      void 
 Registers used:
		wreg, status,2
 Tracked objects:
		On entry : 
		On exit  : 
		Unchanged: 
 Data sizes:     COMRAM   BANK0   BANK1   BANK2   BANK3   BANK4   BANK5   BANK6   BANK7   BANK8   BANK9  BANK10  BANK11  BANK12  BANK13  BANK14  BANK15
      Params:         0       0       0       0       0       0       0       0       0       0       0       0       0       0       0       0       0
      Locals:         0       0       0       0       0       0       0       0       0       0       0       0       0       0       0       0       0
      Temps:          0       0       0       0       0       0       0       0       0       0       0       0       0       0       0       0       0
      Totals:         0       0       0       0       0       0       0       0       0       0       0       0       0       0       0       0       0
Total ram usage:        0 bytes
 Hardware stack levels used:    1
 This function calls:
		Nothing
 This function is called by:
		_ISR
 This function uses a non-reentrant model


 *************** function _TIMER_IncrementSysTick *****************
 Defined at:
		line 46 in file "hal/timer.c"
 Parameters:    Size  Location     Type
		None
 Auto vars:     Size  Location     Type
		None
 Return value:  Size  Location     Type
                  1    wreg      void 
 Registers used:
		wreg, status,2, status,0
 Tracked objects:
		On entry : 
		On exit  : 
		Unchanged: 
 Data sizes:     COMRAM   BANK0   BANK1   BANK2   BANK3   BANK4   BANK5   BANK6   BANK7   BANK8   BANK9  BANK10  BANK11  BANK12  BANK13  BANK14  BANK15
      Params:         0       0       0       0       0       0       0       0       0       0       0       0       0       0       0       0       0
      Locals:         0       0       0       0       0       0       0       0       0       0       0       0       0       0       0       0       0
      Temps:          0       0       0       0       0       0       0       0       0       0       0       0       0       0       0       0       0
      Totals:         0       0       0       0       0       0       0       0       0       0       0       0       0       0       0       0       0
Total ram usage:        0 bytes
 Hardware stack levels used:    1
 This function calls:
		Nothing
 This function is called by:
		_ISR
 This function uses a non-reentrant model


 *************** function _PWM_SetSyncTrigger *****************
 Defined at:
		line 74 in file "hal/pwm.c"
 Parameters:    Size  Location     Type
		None
 Auto vars:     Size  Location     Type
		None
 Return value:  Size  Location     Type
                  1    wreg      void 
 Registers used:
		wreg, status,2
 Tracked objects:
		On entry : 
		On exit  : 
		Unchanged: 
 Data sizes:     COMRAM   BANK0   BANK1   BANK2   BANK3   BANK4   BANK5   BANK6   BANK7   BANK8   BANK9  BANK10  BANK11  BANK12  BANK13  BANK14  BANK15
      Params:         0       0       0       0       0       0       0       0       0       0       0       0       0       0       0       0       0
      Locals:         0       0       0       0       0       0       0       0       0       0       0       0       0       0       0       0       0
      Temps:          0       0       0       0       0       0       0       0       0       0       0       0       0       0       0       0       0
      Totals:         0       0       0       0       0       0       0       0       0       0       0       0       0       0       0       0       0
Total ram usage:        0 bytes
 Hardware stack levels used:    1
 This function calls:
		Nothing
 This function is called by:
		_ISR
 This function uses a non-reentrant model



MODULE INFORMATION

Module		Function		Class		Link	Load	Size
mid/buttons.c
		_BUTTONS_Task  		CODE           	13EC	0000	649
		_BUTTONS_GetState		CODE           	276C	0000	87

mid/buttons.c estimated size: 736

hal/timer.c
		_TIMER_IncrementSysTick		CODE           	2C28	0000	17
		_TIMER_GetSysTick		CODE           	2C16	0000	19
		_TIMER_GetSysTickFlag		CODE           	2C6C	0000	7
		_TIMER_Init    		CODE           	2BF0	0000	21
		_TIMER_ResetSysTickFlag		CODE           	2C4C	0000	9
		_TIMER_SetSysTickFlag		CODE           	2C5C	0000	9

hal/timer.c estimated size: 82

hal/dio.c
		_GPIO_Init     		CODE           	299E	0000	65

hal/dio.c estimated size: 65

hal/i2c.c
		_I2C_Stop      		CODE           	2C7E	0000	5
		_I2C_Init      		CODE           	2B86	0000	31
		_I2C_SendData  		CODE           	2B06	0000	35
		_I2C_Start     		CODE           	2516	0000	133

hal/i2c.c estimated size: 204

mid/lcd.c
		_LCD_Init      		CODE           	1A86	0000	403
		_LCD_GetData   		CODE           	2A88	0000	51
		_LCD_Bcd2Segment		CODE           	1EC6	0000	333
		_LCD_SetData   		CODE           	28BE	0000	83
		_LCD_SetIcons  		CODE           	2A1C	0000	59
		_LCD_Task      		CODE           	2150	0000	215
		_LCD_Update    		CODE           	2BDA	0000	23
		_LCD_Clear     		CODE           	2B48	0000	33
		_LCD_SetMainDigits		CODE           	2012	0000	319
		_LCD_SetPresetDigits		CODE           	1890	0000	503
		_LCD_Dec2Bcd   		CODE           	246E	0000	169

mid/lcd.c estimated size: 2191

hal/pwm.c
		_PWM_SetDutyCycle		CODE           	2B68	0000	31
		_PWM_Task      		CODE           	2696	0000	109
		_PWM_SetSyncTrigger		CODE           	2C64	0000	9
		_PWM_ResetSyncTrigger		CODE           	2C54	0000	9

hal/pwm.c estimated size: 158

hal/adc.c
		_ADC_Task      		CODE           	1674	0000	541
		_ADC_GetVoltageFiltered		CODE           	2226	0000	205
		_ADC_GetTemperature		CODE           	2C38	0000	11
		_ADC_Init      		CODE           	2BA4	0000	31
		_ADC_GetVoltageMV		CODE           	2C42	0000	11

hal/adc.c estimated size: 799

apl/user.c
		_USER_IncrementSetpoint		CODE           	2B28	0000	33
		_USER_DecrementSetpoint		CODE           	2BC2	0000	25
		_USER_Task     		CODE           	1014	0000	985
		_USER_FastDecrementSetpoint		CODE           	2ABA	0000	43
		_USER_FastIncrementSetpoint		CODE           	2A56	0000	51
		_USER_TemperatureFilter		CODE           	261C	0000	123
		_USER_Init     		CODE           	1D7A	0000	333

apl/user.c estimated size: 1593

C:\Program Files (x86)\Microchip\xc8\v1.45\sources\common\lwmod.c
		___lwmod       		CODE           	295C	0000	67

C:\Program Files (x86)\Microchip\xc8\v1.45\sources\common\lwmod.c estimated size: 67

C:\Program Files (x86)\Microchip\xc8\v1.45\sources\common\Umul32.c
		___lmul        		CODE           	27C2	0000	87

C:\Program Files (x86)\Microchip\xc8\v1.45\sources\common\Umul32.c estimated size: 87

shared
		_u32_AdcLsb    		SMALLCONST     	1001	0000	5
		_u8_SoftwareVersion		SMALLCONST     	100D	0000	3
		_u8_LCD_Blink  		SMALLCONST     	1010	0000	2
		__initialization		CODE           	2AE4	0000	25
		_si32_TempSensorOffset		SMALLCONST     	1005	0000	5
		_u8_LCD_ModeSet		SMALLCONST     	1011	0000	2
		_u8_LCD_DeviceSelect		SMALLCONST     	1012	0000	2
		_u8_LCD_BankSelect		SMALLCONST     	100F	0000	2
		_si32_TempSensorGain		SMALLCONST     	1009	0000	5

shared estimated size: 51

hal/system.c
		_SYSTEM_DisableInterrupts		CODE           	2C78	0000	7
		_SYSTEM_EnableInterrupts		CODE           	2C72	0000	7
		_SYSTEM_Init   		CODE           	2C04	0000	19

hal/system.c estimated size: 33

C:\Program Files (x86)\Microchip\xc8\v1.45\sources\common\lwdiv.c
		___lwdiv       		CODE           	286C	0000	83

C:\Program Files (x86)\Microchip\xc8\v1.45\sources\common\lwdiv.c estimated size: 83

C:\Program Files (x86)\Microchip\xc8\v1.45\sources\common\lldiv.c
		___lldiv       		CODE           	259A	0000	131

C:\Program Files (x86)\Microchip\xc8\v1.45\sources\common\lldiv.c estimated size: 131

C:\Program Files (x86)\Microchip\xc8\v1.45\sources\common\aldiv.c
		___aldiv       		CODE           	22F2	0000	205

C:\Program Files (x86)\Microchip\xc8\v1.45\sources\common\aldiv.c estimated size: 205

hal/nvm.c
		_NVM_Task      		CODE           	1C18	0000	355
		_NVM_Write     		CODE           	29DE	0000	63
		_NVM_Read      		CODE           	2818	0000	85
		_NVM_Init      		CODE           	2910	0000	77

hal/nvm.c estimated size: 580

main.c
		_ISR           		CODE           	0008	0000	183
		_main          		CODE           	2702	0000	107

main.c estimated size: 290

